

 Level:    1      Level:    1
 Score:    0      Score:    0
 -----------      -----------
|...........|    |...........|
|...........|    |...........|
|..L........|    |...........|
|LLL........|    |...........|
|...........|    |...........|
|...........|    |...........|
|...........|    |...........|
|...........|    |...........|
|...........|    |...........|
|...........|    |...........|
|...........|    |...........|
|...........|    |...........|
|...........|    |...........|
|...........|    |...........|
|...........|    |...........|
|...........|    |...........|
|...........|    |...........|
|...........|    |...........|
 -----------      -----------
Calling drop


 Level:    1      Level:    1
 Score:    0      Score:    0
 -----------      -----------
|...........|    |...........|
|...........|    |...........|
|...........|    |TTT........|
|...........|    |.T.........|
|...........|    |...........|
|...........|    |...........|
|...........|    |...........|
|...........|    |...........|
|...........|    |...........|
|...........|    |...........|
|...........|    |...........|
|...........|    |...........|
|...........|    |...........|
|...........|    |...........|
|...........|    |...........|
|...........|    |...........|
|..L........|    |...........|
|LLL........|    |...........|
 -----------      -----------
Calling clockwise


 Level:    1      Level:    1
 Score:    0      Score:    0
 -----------      -----------
|...........|    |...........|
|...........|    |...........|
|...........|    |.T.........|
|...........|    |TTT........|
|...........|    |...........|
|...........|    |...........|
|...........|    |...........|
|...........|    |...........|
|...........|    |...........|
|...........|    |...........|
|...........|    |...........|
|...........|    |...........|
|...........|    |...........|
|...........|    |...........|
|...........|    |...........|
|...........|    |...........|
|..L........|    |...........|
|LLL........|    |...........|
 -----------      -----------
Calling drop


 Level:    1      Level:    1
 Score:    0      Score:    0
 -----------      -----------
|...........|    |...........|
|...........|    |...........|
|OO.........|    |...........|
|OO.........|    |...........|
|...........|    |...........|
|...........|    |...........|
|...........|    |...........|
|...........|    |...........|
|...........|    |...........|
|...........|    |...........|
|...........|    |...........|
|...........|    |...........|
|...........|    |...........|
|...........|    |...........|
|...........|    |...........|
|...........|    |...........|
|..L........|    |.T.........|
|LLL........|    |TTT........|
 -----------      -----------
Calling drop


 Level:    1      Level:    1
 Score:    0      Score:    0
 -----------      -----------
|...........|    |...........|
|...........|    |...........|
|...........|    |..L........|
|...........|    |LLL........|
|...........|    |...........|
|...........|    |...........|
|...........|    |...........|
|...........|    |...........|
|...........|    |...........|
|...........|    |...........|
|...........|    |...........|
|...........|    |...........|
|...........|    |...........|
|...........|    |...........|
|...........|    |...........|
|OO.........|    |...........|
|OOL........|    |.T.........|
|LLL........|    |TTT........|
 -----------      -----------
Calling right


 Level:    1      Level:    1
 Score:    0      Score:    0
 -----------      -----------
|...........|    |...........|
|...........|    |...........|
|...........|    |.....L.....|
|...........|    |...LLL.....|
|...........|    |...........|
|...........|    |...........|
|...........|    |...........|
|...........|    |...........|
|...........|    |...........|
|...........|    |...........|
|...........|    |...........|
|...........|    |...........|
|...........|    |...........|
|...........|    |...........|
|...........|    |...........|
|OO.........|    |...........|
|OOL........|    |.T.........|
|LLL........|    |TTT........|
 -----------      -----------
Calling drop


 Level:    1      Level:    1
 Score:    0      Score:    0
 -----------      -----------
|...........|    |...........|
|...........|    |...........|
|J..........|    |...........|
|JJJ........|    |...........|
|...........|    |...........|
|...........|    |...........|
|...........|    |...........|
|...........|    |...........|
|...........|    |...........|
|...........|    |...........|
|...........|    |...........|
|...........|    |...........|
|...........|    |...........|
|...........|    |...........|
|...........|    |...........|
|OO.........|    |...........|
|OOL........|    |.T...L.....|
|LLL........|    |TTTLLL.....|
 -----------      -----------